// Jest Snapshot v1, https://goo.gl/fbAQLP

exports[`renders LandingPage 1`] = `
Array [
  <h1
    className="sc-htpNat dEQUjC"
>
    Welcome to chingu CMS
</h1>,
  <article
    className="sc-bdVaJa dEZJXY"
>
    <h2
        className="sc-bxivhb iyYSDG"
    >
        Features
    </h2>
    <div
        className="sc-bwzfXH gneseq"
    >
        <section
            className="sc-EHOje lhLgo"
        >
            <h3
                className="sc-ifAKCX hJXiLo"
            >
                Manage Content
            </h3>
            <p>
                Lorem ipsum dolor sit amet, consectetur adipiscing elit. Sin aliud quid voles, postea.
            </p>
        </section>
        <section
            className="sc-EHOje lhLgo"
        >
            <h3
                className="sc-ifAKCX hJXiLo"
            >
                Search Content
            </h3>
            <p>
                Certe nihil nisi quod possit ipsum propter se iure laudari. Mihi vero, inquit, placet agi subtilius et, ut ipse dixisti, pressius.
            </p>
        </section>
        <section
            className="sc-EHOje lhLgo"
        >
            <h3
                className="sc-ifAKCX hJXiLo"
            >
                Some Feature
            </h3>
            <p>
                Omnes enim iucundum motum, quo sensus hilaretur. Duo Reges: constructio interrete. Itaque haec cum illis est dissensio, cum Peripateticis nulla sane. Quis suae urbis conservatorem Codrum, quis Erechthei filias non maxime laudat?
            </p>
        </section>
        <section
            className="sc-EHOje lhLgo"
        >
            <h3
                className="sc-ifAKCX hJXiLo"
            >
                Track Changes
            </h3>
            <p>
                Sit, inquam, tam facilis, quam vultis, comparatio voluptatis, quid de dolore dicemus? Non est igitur summum malum dolor.
            </p>
        </section>
    </div>
</article>,
]
`;
